// Jest Snapshot v1, https://goo.gl/fbAQLP

exports[`renders correctly 1`] = `
<div
  aria-hidden="true"
  className="subscribewithgoogle-logo"
>
  <svg
    className="svg subscribewithgoogle-logo__logo-g"
    height="34"
    width="32"
  >
    <use
      xlinkHref="undefinedsvg/svg.svg#logo-g"
    />
  </svg>
  <svg
    className="svg 
				 subscribewithgoogle-logo__logo-sitekit
				"
    height="26"
    width="99"
  >
    <use
      xlinkHref="undefinedsvg/svg.svg#logo-sitekit"
    />
  </svg>
  <span
    className="screen-reader-text"
  >
    Subscribe with Google logo
  </span>
</div>
`;
